[{"origin": "IGP", "as_path": "8954 8283", "community": "8954:620", "source": "PS2", "prefix": "2a02:898::/32", "next_hop": "2001:7f8:1::a500:8954:1 fe80::21f:caff:fe16:e02", "time": "12:46", "peer": "2001:7f8:1::a500:8954:1", "local_pref": "100", "interface": "eth1", "best": "*"}]
