[{"origin": "IGP", "as_path": "2914 3491 55644 45271", "next_hop": "89.188.4.16", "med": "1", "local_pref": "210", "atomic_aggr": true, "aggregator": "10.100.230.241 AS65010", "community": "31477:204 31477:2600", "prefix": "49.14.107.0/24", "peer": "89.188.4.16", "interface": null, "source": "eqam7_4", "time": "2023-12-29"}, {"origin": "IGP", "as_path": "1299 6762 28008 23201", "next_hop": "89.188.4.16", "med": "1", "local_pref": "210", "community": "31477:203 31477:2700", "originator_id": "89.188.4.5", "cluster_list": "89.188.4.16", "prefix": "181.123.200.0/22", "peer": "89.188.4.16", "interface": null, "source": "eqam7_4", "time": "2023-12-29"}, {"origin": "IGP", "as_path": "6939 15412 142505 141047 24550 45157 4613 4613", "next_hop": "2a01:1b0:1::16", "med": "0", "local_pref": "500", "community": "31477:202 31477:2300 31477:2320", "prefix": "2400:a400::/32", "peer": "2a01:1b0:1::16", "interface": null, "source": "eqam7_6", "time": "2023-12-29"}, {"origin": "IGP", "as_path": "6939 23911 38255 146244", "next_hop": "2a01:1b0:1::16", "med": "0", "local_pref": "500", "community": "31477:202 31477:2300 31477:2320", "prefix": "240a:ae0a::/32", "peer": "2a01:1b0:1::16", "interface": null, "source": "eqam7_6", "time": "2023-12-29"}]
