[{"origin": "IGP", "as_path": "63311 63311", "community": "43531:49021", "source": "static1", "prefix": "204.130.133.0/24", "next_hop": "10.217.130.42", "time": "2016-07-24", "peer": null, "local_pref": "100", "interface": null, "best": "*"}, {"origin": "IGP", "as_path": "63311 63311", "community": "43531:49021", "source": "static1", "prefix": "157.97.97.0/24", "next_hop": "10.217.130.42", "time": "2016-09-10", "peer": null, "local_pref": "100", "interface": null, "best": "*"}, {"origin": "IGP", "as_path": "63311 63311", "community": "43531:49021", "source": "static1", "prefix": "208.200.137.0/24", "next_hop": "10.217.130.42", "time": "2016-07-24", "peer": null, "local_pref": "100", "interface": null, "best": "*"}]
