{"version": "2.0.8", "router_id": "1.1.1.1", "hostname": "bird2-router", "last_reboot": "2022-01-22T09:50:55", "last_reconfiguration": "2022-01-24T22:14:37"}