{"version": "2.0.7", "router_id": "1.1.1.1", "last_reboot": "2022-01-22T09:50:55", "last_reconfiguration": "2022-01-24T22:14:37"}