[{"export_updates_received": 0, "protocol": "BGP", "description": "Peering AS8954 - InTouch", "import_updates_ignored": 0, "import_withdraws_rejected": 0, "export_updates_accepted": 0, "import_updates_accepted": 0, "import_updates_received": 0, "export_updates_filtered": 0, "import_withdraws_ignored": 0, "routes_imported": 0, "export_updates_rejected": 0, "import_updates_filtered": 0, "export_withdraws_accepted": 0, "import_withdraws_accepted": 0, "export_withdraws_received": 0, "up": false, "name": "PS1", "state": "Passive", "routes_exported": 0, "routes_filtered": 0, "routes_preferred": 0, "import_updates_rejected": 0, "last_change": "2010-06-29T00:00:00", "import_withdraws_received": 0}, {"router_id": "85.184.4.5", "export_updates_received": 12, "protocol": "BGP", "description": "Peering AS8954 - InTouch", "import_updates_ignored": 0, "import_withdraws_rejected": 0, "export_updates_accepted": 0, "import_updates_accepted": 12, "import_updates_received": 12, "export_updates_filtered": 0, "address": "2001:7f8:1::a500:8954:1", "import_withdraws_ignored": 0, "routes_imported": 24, "source": "2001:7f8:1::a519:7754:1", "asn": "8954", "export_updates_rejected": 12, "import_updates_filtered": 0, "export_withdraws_accepted": 0, "import_withdraws_accepted": 3, "export_withdraws_received": 3, "up": true, "name": "PS2", "state": "Established", "routes_exported": 23, "routes_filtered": 0, "routes_preferred": 0 ,"import_updates_rejected": 0, "last_change": "2010-06-29T00:00:00", "import_withdraws_received": 3}]
